******************************************************************************
                  TI ARM Linker PC v5.2.7                      
******************************************************************************
>> Linked Fri Mar 04 15:00:47 2016

OUTPUT FILE NAME:   <Lab1.out>
ENTRY POINT SYMBOL: "_c_int00"  address: 0000076d


MEMORY CONFIGURATION

         name            origin    length      used     unused   attr    fill
----------------------  --------  ---------  --------  --------  ----  --------
  FLASH                 00000000   00040000  000008ca  0003f736  R  X
  SRAM                  20000000   00008000  00000214  00007dec  RW X


SEGMENT ALLOCATION MAP

run origin  load origin   length   init length attrs members
----------  ----------- ---------- ----------- ----- -------
00000000    00000000    000008d0   000008d0    r-x
  00000000    00000000    0000026c   0000026c    r-- .intvecs
  0000026c    0000026c    0000063a   0000063a    r-x .text
  000008a6    000008a6    00000004   00000004    r-- .const
  000008b0    000008b0    00000020   00000020    r-- .cinit
20000000    20000000    00000214   00000000    rw-
  20000000    20000000    00000200   00000000    rw- .stack
  20000200    20000200    00000014   00000000    rw- .data


SECTION ALLOCATION MAP

 output                                  attributes/
section   page    origin      length       input sections
--------  ----  ----------  ----------   ----------------
.intvecs   0    00000000    0000026c     
                  00000000    0000026c     tm4c123gh6pm_startup_ccs.obj (.intvecs)

.text      0    0000026c    0000063a     
                  0000026c    000001c0     lcd.obj (.text)
                  0000042c    000000f0     Timer.obj (.text)
                  0000051c    0000009c     rtsv7M4_T_le_v4SPD16_eabi.lib : memcpy_t2.obj (.text)
                  000005b8    0000007a                                   : memset_t2.obj (.text)
                  00000632    00000002     --HOLE-- [fill = 0]
                  00000634    0000006c                                   : autoinit.obj (.text)
                  000006a0    0000006a                                   : copy_decompress_rle.obj (.text)
                  0000070a    00000002     --HOLE-- [fill = 0]
                  0000070c    00000060     main.obj (.text)
                  0000076c    00000050     rtsv7M4_T_le_v4SPD16_eabi.lib : boot.obj (.text)
                  000007bc    0000004c                                   : cpy_tbl.obj (.text)
                  00000808    00000044                                   : exit.obj (.text)
                  0000084c    00000018                                   : args_main.obj (.text)
                  00000864    00000014                                   : _lock.obj (.text)
                  00000878    0000000e                                   : copy_decompress_none.obj (.text:decompress:none)
                  00000886    0000000c     tm4c123gh6pm_startup_ccs.obj (.text)
                  00000892    0000000a     lcd.obj (.text:lcd_clear)
                  0000089c    00000006     rtsv7M4_T_le_v4SPD16_eabi.lib : copy_decompress_rle.obj (.text:decompress:rle24)
                  000008a2    00000004                                   : pre_init.obj (.text)

.const     0    000008a6    00000004     
                  000008a6    00000004     lcd.obj (.const:.string)

.cinit     0    000008b0    00000020     
                  000008b0    0000000f     (.cinit..data.load) [load image, compression = rle]
                  000008bf    00000001     --HOLE-- [fill = 0]
                  000008c0    00000008     (__TI_handler_table)
                  000008c8    00000008     (__TI_cinit_table)

.init_array 
*          0    00000000    00000000     UNINITIALIZED

.stack     0    20000000    00000200     UNINITIALIZED
                  20000000    00000200     --HOLE--

.data      0    20000200    00000014     UNINITIALIZED
                  20000200    00000008     rtsv7M4_T_le_v4SPD16_eabi.lib : _lock.obj (.data)
                  20000208    00000008                                   : exit.obj (.data)
                  20000210    00000004                                   : stkdepth_vars.obj (.data)

.TI.persistent 
*          0    20000200    00000000     UNINITIALIZED


LINKER GENERATED COPY TABLES

__TI_cinit_table @ 000008c8 records: 1, size/record: 8, table size: 8
	.data: load addr=000008b0, load size=0000000f bytes, run addr=20000200, run size=00000014 bytes, compression=rle


LINKER GENERATED HANDLER TABLE

__TI_handler_table @ 000008c0 records: 2, size/record: 4, table size: 8
	index: 0, handler: __TI_decompress_rle24
	index: 1, handler: __TI_decompress_none


GLOBAL SYMBOLS: SORTED ALPHABETICALLY BY Name 

address   name                    
-------   ----                    
00000809  C$$EXIT                 
00000887  ResetISR                
UNDEFED   SHT$$INIT_ARRAY$$Base   
UNDEFED   SHT$$INIT_ARRAY$$Limit  
20000200  __STACK_END             
00000200  __STACK_SIZE            
20000200  __STACK_TOP             
000008c8  __TI_CINIT_Base         
000008d0  __TI_CINIT_Limit        
000008c0  __TI_Handler_Table_Base 
000008c8  __TI_Handler_Table_Limit
00000635  __TI_auto_init          
20000208  __TI_cleanup_ptr        
00000879  __TI_decompress_none    
0000089d  __TI_decompress_rle24   
2000020c  __TI_dtors_ptr          
00000000  __TI_static_base__      
000005b9  __aeabi_memclr          
000005b9  __aeabi_memclr4         
000005b9  __aeabi_memclr8         
0000051d  __aeabi_memcpy          
0000051d  __aeabi_memcpy4         
0000051d  __aeabi_memcpy8         
000005bb  __aeabi_memset          
000005bb  __aeabi_memset4         
000005bb  __aeabi_memset8         
ffffffff  __binit__               
ffffffff  __c_args__              
20000000  __stack                 
0000084d  _args_main              
0000076d  _c_int00                
20000200  _lock                   
00000873  _nop                    
0000086b  _register_lock          
00000865  _register_unlock        
000008a3  _system_pre_init        
20000204  _unlock                 
0000080d  abort                   
ffffffff  binit                   
000007bd  copy_in                 
00000815  exit                    
00000000  g_pfnVectors            
00000893  lcd_clear               
000003f1  lcd_gotoLine            
0000026d  lcd_init                
00000321  lcd_putc                
00000359  lcd_puts                
00000377  lcd_sendCommand         
000003af  lcd_sendNibble          
0000070d  main                    
20000210  main_func_sp            
0000051d  memcpy                  
000005c1  memset                  
0000048b  timer_startTimer        
000004e1  timer_stopTimer         
00000461  timer_waitMicros        
0000042d  timer_waitMillis        


GLOBAL SYMBOLS: SORTED BY Symbol Address 

address   name                    
-------   ----                    
00000000  __TI_static_base__      
00000000  g_pfnVectors            
00000200  __STACK_SIZE            
0000026d  lcd_init                
00000321  lcd_putc                
00000359  lcd_puts                
00000377  lcd_sendCommand         
000003af  lcd_sendNibble          
000003f1  lcd_gotoLine            
0000042d  timer_waitMillis        
00000461  timer_waitMicros        
0000048b  timer_startTimer        
000004e1  timer_stopTimer         
0000051d  __aeabi_memcpy          
0000051d  __aeabi_memcpy4         
0000051d  __aeabi_memcpy8         
0000051d  memcpy                  
000005b9  __aeabi_memclr          
000005b9  __aeabi_memclr4         
000005b9  __aeabi_memclr8         
000005bb  __aeabi_memset          
000005bb  __aeabi_memset4         
000005bb  __aeabi_memset8         
000005c1  memset                  
00000635  __TI_auto_init          
0000070d  main                    
0000076d  _c_int00                
000007bd  copy_in                 
00000809  C$$EXIT                 
0000080d  abort                   
00000815  exit                    
0000084d  _args_main              
00000865  _register_unlock        
0000086b  _register_lock          
00000873  _nop                    
00000879  __TI_decompress_none    
00000887  ResetISR                
00000893  lcd_clear               
0000089d  __TI_decompress_rle24   
000008a3  _system_pre_init        
000008c0  __TI_Handler_Table_Base 
000008c8  __TI_CINIT_Base         
000008c8  __TI_Handler_Table_Limit
000008d0  __TI_CINIT_Limit        
20000000  __stack                 
20000200  __STACK_END             
20000200  __STACK_TOP             
20000200  _lock                   
20000204  _unlock                 
20000208  __TI_cleanup_ptr        
2000020c  __TI_dtors_ptr          
20000210  main_func_sp            
ffffffff  __binit__               
ffffffff  __c_args__              
ffffffff  binit                   
UNDEFED   SHT$$INIT_ARRAY$$Base   
UNDEFED   SHT$$INIT_ARRAY$$Limit  

[57 symbols]
