******************************************************************************
                  TI ARM Linker PC v5.2.7                      
******************************************************************************
>> Linked Thu Mar 10 19:16:44 2016

OUTPUT FILE NAME:   <Lab1.out>
ENTRY POINT SYMBOL: "_c_int00"  address: 00000f4d


MEMORY CONFIGURATION

         name            origin    length      used     unused   attr    fill
----------------------  --------  ---------  --------  --------  ----  --------
  FLASH                 00000000   00040000  000010eb  0003ef15  R  X
  SRAM                  20000000   00008000  00000428  00007bd8  RW X


SEGMENT ALLOCATION MAP

run origin  load origin   length   init length attrs members
----------  ----------- ---------- ----------- ----- -------
00000000    00000000    000010ec   000010ec    r-x
  00000000    00000000    0000026c   0000026c    r-- .intvecs
  0000026c    0000026c    00000e1a   00000e1a    r-x .text
  00001086    00001086    00000039   00000039    r-- .const
  000010c0    000010c0    0000002c   0000002c    r-- .cinit
20000000    20000000    00000428   00000000    rw-
  20000000    20000000    00000400   00000000    rw- .stack
  20000400    20000400    00000020   00000000    rw- .data
  20000420    20000420    00000008   00000000    rw- .sysmem


SECTION ALLOCATION MAP

 output                                  attributes/
section   page    origin      length       input sections
--------  ----  ----------  ----------   ----------------
.intvecs   0    00000000    0000026c     
                  00000000    0000026c     tm4c123gh6pm_startup_ccs.obj (.intvecs)

.text      0    0000026c    00000e1a     
                  0000026c    00000414     open_interface.obj (.text)
                  00000680    000003dc     rtsv7M4_T_le_v4SPD16_eabi.lib : memory.obj (.text)
                  00000a5c    000001c0     lcd.obj (.text)
                  00000c1c    000000f0     Timer.obj (.text)
                  00000d0c    0000009c     rtsv7M4_T_le_v4SPD16_eabi.lib : memcpy_t2.obj (.text)
                  00000da8    0000007a                                   : memset_t2.obj (.text)
                  00000e22    00000002     --HOLE-- [fill = 0]
                  00000e24    0000006c                                   : autoinit.obj (.text)
                  00000e90    0000006a                                   : copy_decompress_rle.obj (.text)
                  00000efa    00000002     --HOLE-- [fill = 0]
                  00000efc    00000050     main.obj (.text)
                  00000f4c    00000050     rtsv7M4_T_le_v4SPD16_eabi.lib : boot.obj (.text)
                  00000f9c    0000004c                                   : cpy_tbl.obj (.text)
                  00000fe8    00000044                                   : exit.obj (.text)
                  0000102c    00000018                                   : args_main.obj (.text)
                  00001044    00000014                                   : _lock.obj (.text)
                  00001058    0000000e                                   : copy_decompress_none.obj (.text:decompress:none)
                  00001066    0000000c     tm4c123gh6pm_startup_ccs.obj (.text)
                  00001072    0000000a     lcd.obj (.text:lcd_clear)
                  0000107c    00000006     rtsv7M4_T_le_v4SPD16_eabi.lib : copy_decompress_rle.obj (.text:decompress:rle24)
                  00001082    00000004                                   : pre_init.obj (.text)

.const     0    00001086    00000039     
                  00001086    00000035     main.obj (.const:.string:$P$T0$1)
                  000010bb    00000004     lcd.obj (.const:.string)

.cinit     0    000010c0    0000002c     
                  000010c0    0000001b     (.cinit..data.load) [load image, compression = rle]
                  000010db    00000001     --HOLE-- [fill = 0]
                  000010dc    00000008     (__TI_handler_table)
                  000010e4    00000008     (__TI_cinit_table)

.init_array 
*          0    00000000    00000000     UNINITIALIZED

.stack     0    20000000    00000400     UNINITIALIZED
                  20000000    00000400     --HOLE--

.data      0    20000400    00000020     UNINITIALIZED
                  20000400    0000000c     rtsv7M4_T_le_v4SPD16_eabi.lib : memory.obj (.data)
                  2000040c    00000008                                   : _lock.obj (.data)
                  20000414    00000008                                   : exit.obj (.data)
                  2000041c    00000004                                   : stkdepth_vars.obj (.data)

.TI.persistent 
*          0    20000400    00000000     UNINITIALIZED

.sysmem    0    20000420    00000008     UNINITIALIZED
                  20000420    00000008     rtsv7M4_T_le_v4SPD16_eabi.lib : memory.obj (.sysmem)


LINKER GENERATED COPY TABLES

__TI_cinit_table @ 000010e4 records: 1, size/record: 8, table size: 8
	.data: load addr=000010c0, load size=0000001b bytes, run addr=20000400, run size=00000020 bytes, compression=rle


LINKER GENERATED HANDLER TABLE

__TI_handler_table @ 000010dc records: 2, size/record: 4, table size: 8
	index: 0, handler: __TI_decompress_rle24
	index: 1, handler: __TI_decompress_none


GLOBAL SYMBOLS: SORTED ALPHABETICALLY BY Name 

address   name                    
-------   ----                    
00000fe9  C$$EXIT                 
00001067  ResetISR                
UNDEFED   SHT$$INIT_ARRAY$$Base   
UNDEFED   SHT$$INIT_ARRAY$$Limit  
20000400  __STACK_END             
00000400  __STACK_SIZE            
20000200  __STACK_TOP             
00000008  __SYSMEM_SIZE           
000010e4  __TI_CINIT_Base         
000010ec  __TI_CINIT_Limit        
000010dc  __TI_Handler_Table_Base 
000010e4  __TI_Handler_Table_Limit
00000e25  __TI_auto_init          
20000414  __TI_cleanup_ptr        
00001059  __TI_decompress_none    
0000107d  __TI_decompress_rle24   
20000418  __TI_dtors_ptr          
00000000  __TI_static_base__      
00000da9  __aeabi_memclr          
00000da9  __aeabi_memclr4         
00000da9  __aeabi_memclr8         
00000d0d  __aeabi_memcpy          
00000d0d  __aeabi_memcpy4         
00000d0d  __aeabi_memcpy8         
00000dab  __aeabi_memset          
00000dab  __aeabi_memset4         
00000dab  __aeabi_memset8         
ffffffff  __binit__               
ffffffff  __c_args__              
20000000  __stack                 
0000102d  _args_main              
00000f4d  _c_int00                
2000040c  _lock                   
00001053  _nop                    
0000104b  _register_lock          
00001045  _register_unlock        
20000420  _sys_memory             
00001083  _system_pre_init        
20000410  _unlock                 
00000fed  abort                   
ffffffff  binit                   
00000a29  calloc                  
00000f9d  copy_in                 
00000ff5  exit                    
00000777  free                    
00000000  g_pfnVectors            
0000051b  go_charge               
00001073  lcd_clear               
00000be1  lcd_gotoLine            
00000a5d  lcd_init                
00000b11  lcd_putc                
00000b49  lcd_puts                
00000b67  lcd_sendCommand         
00000b9f  lcd_sendNibble          
00000efd  main                    
2000041c  main_func_sp            
0000070f  malloc                  
00000945  memalign                
00000d0d  memcpy                  
00000db1  memset                  
00000681  minit                   
0000026d  oi_alloc                
00000279  oi_free                 
00000285  oi_init                 
000004b1  oi_loadSong             
00000507  oi_play_song            
0000042b  oi_setLeds              
0000046f  oi_setWheels            
000005a7  oi_uartFastMode         
00000529  oi_uartInit             
000005db  oi_uartReceive          
00000619  oi_uartSendBuff         
000005bf  oi_uartSendChar         
000005fb  oi_uartSendStr          
000002c9  oi_update               
00000839  realloc                 
00000c7b  timer_startTimer        
00000cd1  timer_stopTimer         
00000c51  timer_waitMicros        
00000c1d  timer_waitMillis        


GLOBAL SYMBOLS: SORTED BY Symbol Address 

address   name                    
-------   ----                    
00000000  __TI_static_base__      
00000000  g_pfnVectors            
00000008  __SYSMEM_SIZE           
0000026d  oi_alloc                
00000279  oi_free                 
00000285  oi_init                 
000002c9  oi_update               
00000400  __STACK_SIZE            
0000042b  oi_setLeds              
0000046f  oi_setWheels            
000004b1  oi_loadSong             
00000507  oi_play_song            
0000051b  go_charge               
00000529  oi_uartInit             
000005a7  oi_uartFastMode         
000005bf  oi_uartSendChar         
000005db  oi_uartReceive          
000005fb  oi_uartSendStr          
00000619  oi_uartSendBuff         
00000681  minit                   
0000070f  malloc                  
00000777  free                    
00000839  realloc                 
00000945  memalign                
00000a29  calloc                  
00000a5d  lcd_init                
00000b11  lcd_putc                
00000b49  lcd_puts                
00000b67  lcd_sendCommand         
00000b9f  lcd_sendNibble          
00000be1  lcd_gotoLine            
00000c1d  timer_waitMillis        
00000c51  timer_waitMicros        
00000c7b  timer_startTimer        
00000cd1  timer_stopTimer         
00000d0d  __aeabi_memcpy          
00000d0d  __aeabi_memcpy4         
00000d0d  __aeabi_memcpy8         
00000d0d  memcpy                  
00000da9  __aeabi_memclr          
00000da9  __aeabi_memclr4         
00000da9  __aeabi_memclr8         
00000dab  __aeabi_memset          
00000dab  __aeabi_memset4         
00000dab  __aeabi_memset8         
00000db1  memset                  
00000e25  __TI_auto_init          
00000efd  main                    
00000f4d  _c_int00                
00000f9d  copy_in                 
00000fe9  C$$EXIT                 
00000fed  abort                   
00000ff5  exit                    
0000102d  _args_main              
00001045  _register_unlock        
0000104b  _register_lock          
00001053  _nop                    
00001059  __TI_decompress_none    
00001067  ResetISR                
00001073  lcd_clear               
0000107d  __TI_decompress_rle24   
00001083  _system_pre_init        
000010dc  __TI_Handler_Table_Base 
000010e4  __TI_CINIT_Base         
000010e4  __TI_Handler_Table_Limit
000010ec  __TI_CINIT_Limit        
20000000  __stack                 
20000200  __STACK_TOP             
20000400  __STACK_END             
2000040c  _lock                   
20000410  _unlock                 
20000414  __TI_cleanup_ptr        
20000418  __TI_dtors_ptr          
2000041c  main_func_sp            
20000420  _sys_memory             
ffffffff  __binit__               
ffffffff  __c_args__              
ffffffff  binit                   
UNDEFED   SHT$$INIT_ARRAY$$Base   
UNDEFED   SHT$$INIT_ARRAY$$Limit  

[80 symbols]
