******************************************************************************
                  TI ARM Linker PC v5.2.5                      
******************************************************************************
>> Linked Wed Apr 06 11:04:43 2016

OUTPUT FILE NAME:   <Lab1.out>
ENTRY POINT SYMBOL: "_c_int00"  address: 00000891


MEMORY CONFIGURATION

         name            origin    length      used     unused   attr    fill
----------------------  --------  ---------  --------  --------  ----  --------
  FLASH                 00000000   00040000  00000af8  0003f508  R  X
  SRAM                  20000000   00008000  00000693  0000796d  RW X


SEGMENT ALLOCATION MAP

run origin  load origin   length   init length attrs members
----------  ----------- ---------- ----------- ----- -------
00000000    00000000    00000af8   00000af8    r-x
  00000000    00000000    0000026c   0000026c    r-- .intvecs
  0000026c    0000026c    00000844   00000844    r-x .text
  00000ab0    00000ab0    00000048   00000048    r-- .cinit
20000000    20000000    00000698   00000000    rw-
  20000000    20000000    0000026c   00000000    rw- .vtable
  2000026c    2000026c    00000400   00000000    rw- .stack
  2000066c    2000066c    00000014   00000000    rw- .data
  20000680    20000680    0000000b   00000000    rw- .bss
  20000690    20000690    00000008   00000000    rw- .sysmem


SECTION ALLOCATION MAP

 output                                  attributes/
section   page    origin      length       input sections
--------  ----  ----------  ----------   ----------------
.intvecs   0    00000000    0000026c     
                  00000000    0000026c     tm4c123gh6pm_startup_ccs.obj (.intvecs)

.text      0    0000026c    00000844     
                  0000026c    00000248     ping.obj (.text)
                  000004b4    000000fc     rtsv7M4_T_le_v4SPD16_eabi.lib : fd_mul_t2.obj (.text)
                  000005b0    000000f0     Timer.obj (.text)
                  000006a0    0000009c     rtsv7M4_T_le_v4SPD16_eabi.lib : memcpy_t2.obj (.text)
                  0000073c    0000007a                                   : memset_t2.obj (.text)
                  000007b6    00000002     --HOLE-- [fill = 0]
                  000007b8    0000006c                                   : autoinit.obj (.text)
                  00000824    0000006a                                   : copy_decompress_rle.obj (.text)
                  0000088e    00000002     --HOLE-- [fill = 0]
                  00000890    00000050                                   : boot.obj (.text)
                  000008e0    0000004c                                   : cpy_tbl.obj (.text)
                  0000092c    00000048                                   : fd_tos_t2.obj (.text)
                  00000974    00000044                                   : exit.obj (.text)
                  000009b8    00000034     driverlib.lib : interrupt.obj (.text:IntRegister)
                  000009ec    0000002c     main.obj (.text)
                  00000a18    00000020     rtsv7M4_T_le_v4SPD16_eabi.lib : u_tofd_t2.obj (.text)
                  00000a38    00000018                                   : args_main.obj (.text)
                  00000a50    00000014                                   : _lock.obj (.text)
                  00000a64    00000010     driverlib.lib : interrupt.obj (.text:IntMasterEnable)
                  00000a74    0000000e     rtsv7M4_T_le_v4SPD16_eabi.lib : copy_decompress_none.obj (.text:decompress:none)
                  00000a82    0000000c     driverlib.lib : cpu.obj (.text:CPUcpsie)
                  00000a8e    0000000c     rtsv7M4_T_le_v4SPD16_eabi.lib : copy_zero_init.obj (.text:decompress:ZI)
                  00000a9a    0000000c     tm4c123gh6pm_startup_ccs.obj (.text)
                  00000aa6    00000006     rtsv7M4_T_le_v4SPD16_eabi.lib : copy_decompress_rle.obj (.text:decompress:rle24)
                  00000aac    00000004                                   : pre_init.obj (.text)

.cinit     0    00000ab0    00000048     
                  00000ab0    0000000f     (.cinit..data.load) [load image, compression = rle]
                  00000abf    00000001     --HOLE-- [fill = 0]
                  00000ac0    0000000c     (__TI_handler_table)
                  00000acc    00000004     --HOLE-- [fill = 0]
                  00000ad0    00000008     (.cinit..bss.load) [load image, compression = zero_init]
                  00000ad8    00000008     (.cinit..vtable.load) [load image, compression = zero_init]
                  00000ae0    00000018     (__TI_cinit_table)

.init_array 
*          0    00000000    00000000     UNINITIALIZED

.vtable    0    20000000    0000026c     UNINITIALIZED
                  20000000    0000026c     driverlib.lib : interrupt.obj (.vtable)

.stack     0    2000026c    00000400     UNINITIALIZED
                  2000026c    00000400     --HOLE--

.data      0    2000066c    00000014     UNINITIALIZED
                  2000066c    00000008     rtsv7M4_T_le_v4SPD16_eabi.lib : _lock.obj (.data)
                  20000674    00000008                                   : exit.obj (.data)
                  2000067c    00000004                                   : stkdepth_vars.obj (.data)

.TI.persistent 
*          0    2000066c    00000000     UNINITIALIZED

.bss       0    20000680    0000000b     UNINITIALIZED
                  20000680    00000004     (.common:pulseLength)
                  20000684    00000002     (.common:fallingEdge)
                  20000686    00000002     (.common:risingEdge)
                  20000688    00000001     (.common:overflows)
                  20000689    00000001     (.common:pingStartFlag)
                  2000068a    00000001     (.common:pingTriggerFlag)

.TI.noinit 
*          0    20000680    00000000     UNINITIALIZED

.sysmem    0    20000690    00000008     UNINITIALIZED
                  20000690    00000008     rtsv7M4_T_le_v4SPD16_eabi.lib : memory.obj (.sysmem)


LINKER GENERATED COPY TABLES

__TI_cinit_table @ 00000ae0 records: 3, size/record: 8, table size: 24
	.data: load addr=00000ab0, load size=0000000f bytes, run addr=2000066c, run size=00000014 bytes, compression=rle
	.bss: load addr=00000ad0, load size=00000008 bytes, run addr=20000680, run size=0000000b bytes, compression=zero_init
	.vtable: load addr=00000ad8, load size=00000008 bytes, run addr=20000000, run size=0000026c bytes, compression=zero_init


LINKER GENERATED HANDLER TABLE

__TI_handler_table @ 00000ac0 records: 3, size/record: 4, table size: 12
	index: 0, handler: __TI_zero_init
	index: 1, handler: __TI_decompress_rle24
	index: 2, handler: __TI_decompress_none


GLOBAL SYMBOLS: SORTED ALPHABETICALLY BY Name 

address   name                    
-------   ----                    
00000975  C$$EXIT                 
00000a83  CPUcpsie                
0000036b  Enable_IRQ              
00000a65  IntMasterEnable         
000009b9  IntRegister             
0000026d  Ping_Init               
000002b1  Ping_TimCapInit         
000003f1  Ping_getDistance        
00000a9b  ResetISR                
UNDEFED   SHT$$INIT_ARRAY$$Base   
UNDEFED   SHT$$INIT_ARRAY$$Limit  
00000377  TIMER1B_Handler         
2000066c  __STACK_END             
00000400  __STACK_SIZE            
2000046c  __STACK_TOP             
00000008  __SYSMEM_SIZE           
00000ae0  __TI_CINIT_Base         
00000af8  __TI_CINIT_Limit        
00000ac0  __TI_Handler_Table_Base 
00000acc  __TI_Handler_Table_Limit
000007b9  __TI_auto_init          
20000674  __TI_cleanup_ptr        
00000a75  __TI_decompress_none    
00000aa7  __TI_decompress_rle24   
20000678  __TI_dtors_ptr          
00000000  __TI_static_base__      
00000a8f  __TI_zero_init          
0000092d  __aeabi_d2f             
000004b5  __aeabi_dmul            
0000073d  __aeabi_memclr          
0000073d  __aeabi_memclr4         
0000073d  __aeabi_memclr8         
000006a1  __aeabi_memcpy          
000006a1  __aeabi_memcpy4         
000006a1  __aeabi_memcpy8         
0000073f  __aeabi_memset          
0000073f  __aeabi_memset4         
0000073f  __aeabi_memset8         
00000a19  __aeabi_ui2d            
ffffffff  __binit__               
ffffffff  __c_args__              
2000026c  __stack                 
00000a39  _args_main              
00000891  _c_int00                
2000066c  _lock                   
00000a5f  _nop                    
00000a57  _register_lock          
00000a51  _register_unlock        
20000690  _sys_memory             
00000aad  _system_pre_init        
20000670  _unlock                 
00000979  abort                   
ffffffff  binit                   
000008e1  copy_in                 
00000981  exit                    
20000684  fallingEdge             
20000000  g_pfnRAMVectors         
00000000  g_pfnVectors            
000009ed  main                    
2000067c  main_func_sp            
000006a1  memcpy                  
00000745  memset                  
20000688  overflows               
20000689  pingStartFlag           
2000068a  pingTriggerFlag         
20000680  pulseLength             
20000686  risingEdge              
0000060f  timer_startTimer        
00000665  timer_stopTimer         
000005e5  timer_waitMicros        
000005b1  timer_waitMillis        


GLOBAL SYMBOLS: SORTED BY Symbol Address 

address   name                    
-------   ----                    
00000000  __TI_static_base__      
00000000  g_pfnVectors            
00000008  __SYSMEM_SIZE           
0000026d  Ping_Init               
000002b1  Ping_TimCapInit         
0000036b  Enable_IRQ              
00000377  TIMER1B_Handler         
000003f1  Ping_getDistance        
00000400  __STACK_SIZE            
000004b5  __aeabi_dmul            
000005b1  timer_waitMillis        
000005e5  timer_waitMicros        
0000060f  timer_startTimer        
00000665  timer_stopTimer         
000006a1  __aeabi_memcpy          
000006a1  __aeabi_memcpy4         
000006a1  __aeabi_memcpy8         
000006a1  memcpy                  
0000073d  __aeabi_memclr          
0000073d  __aeabi_memclr4         
0000073d  __aeabi_memclr8         
0000073f  __aeabi_memset          
0000073f  __aeabi_memset4         
0000073f  __aeabi_memset8         
00000745  memset                  
000007b9  __TI_auto_init          
00000891  _c_int00                
000008e1  copy_in                 
0000092d  __aeabi_d2f             
00000975  C$$EXIT                 
00000979  abort                   
00000981  exit                    
000009b9  IntRegister             
000009ed  main                    
00000a19  __aeabi_ui2d            
00000a39  _args_main              
00000a51  _register_unlock        
00000a57  _register_lock          
00000a5f  _nop                    
00000a65  IntMasterEnable         
00000a75  __TI_decompress_none    
00000a83  CPUcpsie                
00000a8f  __TI_zero_init          
00000a9b  ResetISR                
00000aa7  __TI_decompress_rle24   
00000aad  _system_pre_init        
00000ac0  __TI_Handler_Table_Base 
00000acc  __TI_Handler_Table_Limit
00000ae0  __TI_CINIT_Base         
00000af8  __TI_CINIT_Limit        
20000000  g_pfnRAMVectors         
2000026c  __stack                 
2000046c  __STACK_TOP             
2000066c  __STACK_END             
2000066c  _lock                   
20000670  _unlock                 
20000674  __TI_cleanup_ptr        
20000678  __TI_dtors_ptr          
2000067c  main_func_sp            
20000680  pulseLength             
20000684  fallingEdge             
20000686  risingEdge              
20000688  overflows               
20000689  pingStartFlag           
2000068a  pingTriggerFlag         
20000690  _sys_memory             
ffffffff  __binit__               
ffffffff  __c_args__              
ffffffff  binit                   
UNDEFED   SHT$$INIT_ARRAY$$Base   
UNDEFED   SHT$$INIT_ARRAY$$Limit  

[71 symbols]
